/usr/bin/bash: line 1: .mikrotik-stats.exe: command not found
